
> will-guide-server@1.0.0 test
> jest

node.exe : PASS src/tests/docxService.test.ts (19.694 s)
At line:1 char:1
+ & "C:\Program Files\nodejs/node.exe" "C:\Program Files\nodejs/node_mo ...
+ ~~~~~~~~~~~~~~~~~~~~~~~~~~~~~~~~~~~~~~~~~~~~~~~~~~~~~~~~~~~~~~~~~~~~~
    + CategoryInfo          : NotSpecified: (PASS src/tests/...t.ts (19.694 s):String) [], RemoteException
    + FullyQualifiedErrorId : NativeCommandError
 
FAIL src/tests/documentController.test.ts (20.636 s)
  ΓùÅ DocumentController ΓÇ║ downloadIntakeDoc ΓÇ║ should throw if intake is not found

    expect(received).rejects.toThrow()

    Received promise resolved instead of rejected
    Resolved to value: undefined

    [0m [90m 47 |[39m             ([33mIntake[39m[33m.[39mfindById [36mas[39m jest[33m.[39m[33mMock[39m)[33m.[39mmockResolvedValue([36mnull[39m)[33m;[39m
     [90m 48 |[39m
    [31m[1m>[22m[39m[90m 49 |[39m             [36mawait[39m expect(downloadIntakeDoc(mockRequest [36mas[39m [33mRequest[39m[33m,[39m mockResponse [36mas[39m [33mResponse[39m))[33m.[39mrejects[33m.[39mtoThrow([32m'Intake not 
found'[39m)[33m;[39m
     [90m    |[39m                   [31m[1m^[22m[39m
     [90m 50 |[39m             expect(generateIntakeDoc)[33m.[39mnot[33m.[39mtoHaveBeenCalled()[33m;[39m
     [90m 51 |[39m         })[33m;[39m
     [90m 52 |[39m[0m

      at expect (node_modules/expect/build/index.js:2116:15)
      at src/tests/documentController.test.ts:49:19
      at src/tests/documentController.test.ts:8:71
      at __awaiter (src/tests/documentController.test.ts:4:12)
      at Object.<anonymous> (src/tests/documentController.test.ts:45:62)

  ΓùÅ DocumentController ΓÇ║ downloadIntakeDoc ΓÇ║ should throw when a client requests another client intake document

    expect(received).rejects.toThrow()

    Received promise resolved instead of rejected
    Resolved to value: undefined

    [0m [90m 67 |[39m             ([33mIntake[39m[33m.[39mfindById [36mas[39m jest[33m.[39m[33mMock[39m)[33m.[39mmockResolvedValue(mockIntake)[33m;[39m
     [90m 68 |[39m
    [31m[1m>[22m[39m[90m 69 |[39m             [36mawait[39m expect(downloadIntakeDoc(mockRequest [36mas[39m [33mRequest[39m[33m,[39m mockResponse [36mas[39m [33mResponse[39m))[33m.[39mrejects[33m.[39mtoThrow([32m'download this 
intake'[39m)[33m;[39m
     [90m    |[39m                   [31m[1m^[22m[39m
     [90m 70 |[39m             expect(generateIntakeDoc)[33m.[39mnot[33m.[39mtoHaveBeenCalled()[33m;[39m
     [90m 71 |[39m         })[33m;[39m
     [90m 72 |[39m     })[33m;[39m[0m

      at expect (node_modules/expect/build/index.js:2116:15)
      at src/tests/documentController.test.ts:69:19
      at src/tests/documentController.test.ts:8:71
      at __awaiter (src/tests/documentController.test.ts:4:12)
      at Object.<anonymous> (src/tests/documentController.test.ts:63:93)

PASS src/tests/dashboardAI.test.ts (24.834 s)
PASS src/tests/triageController.test.ts (5.598 s)
PASS src/tests/validateRequest.test.ts
PASS src/tests/schemas.test.ts
PASS src/tests/authController.test.ts (26.987 s)
  ΓùÅ Console

    console.log
      
      --- [EMAIL SIMULATION] ---

      at src/services/emailService.ts:73:17

    console.log
      TO: test@example.com

      at src/services/emailService.ts:74:17

    console.log
      SUBJECT: Action Required: Verify your email address

      at src/services/emailService.ts:75:17

    console.log
      BODY:
      Hi Valued Client,
      Please verify your email address to continue.
      Link: http://localhost:5173/verify-email?token=567b087acebdf56df88579c7e1e708659264b1f188d528a820cc7e0343ecd3c2

      at src/services/emailService.ts:76:17

    console.log
      --------------------------

      at src/services/emailService.ts:77:17

PASS src/tests/emailService.test.ts (6.407 s)
PASS src/tests/authMiddleware.test.ts
FAIL src/tests/incorporationController.test.ts (26.557 s)
  ΓùÅ IncorporationController ΓÇ║ addIncorpNote ΓÇ║ should add a note to an intake

    TypeError: Cannot read properties of undefined (reading 'toString')

    [0m [90m 170 |[39m     [36mconst[39m userId [33m=[39m getRequestUserIdOrUndefined(req)[33m;[39m
     [90m 171 |[39m     [36mconst[39m role   [33m=[39m req[33m.[39muser[33m?[39m[33m.[39mrole [33m?[39m[33m?[39m [32m''[39m[33m;[39m
    [31m[1m>[22m[39m[90m 172 |[39m     [36mconst[39m isOwner [33m=[39m intake[33m.[39mclientId[33m.[39mtoString() [33m===[39m userId[33m;[39m
     [90m     |[39m                                     [31m[1m^[22m[39m
     [90m 173 |[39m     [36mconst[39m isStaff [33m=[39m role [33m===[39m [32m'lawyer'[39m [33m||[39m role [33m===[39m [32m'admin'[39m[33m;[39m
     [90m 174 |[39m     [36mif[39m ([33m![39misOwner [33m&&[39m [33m![39misStaff) {
     [90m 175 |[39m         [36mthrow[39m [36mnew[39m [33mForbiddenError[39m([32m'add notes to this incorporation intake'[39m)[33m;[39m[0m

      at src/controllers/incorporationController.ts:172:37
      at fulfilled (src/controllers/incorporationController.ts:38:58)

PASS src/tests/aiSanitiser.test.ts
PASS src/tests/ageCalculation.test.ts
PASS src/tests/incorporationRulesEngine.test.ts
PASS src/tests/aiScoringService.test.ts
PASS src/tests/aiContextSummariser.test.ts
PASS src/tests/intakeValidationService.test.ts
PASS src/tests/rulesEngine.test.ts
PASS src/tests/incorporationSchema.test.ts
PASS src/tests/incorpDataNormalizer.test.ts
PASS src/tests/aiCaching.test.ts (29.534 s)
PASS src/tests/clientAIController.test.ts
FAIL src/tests/lawyerController.test.ts (30.165 s)
  ΓùÅ LawyerController ΓÇ║ getAllIntakes ΓÇ║ fetches the filtered queue and returns portfolio summary metrics

    expect(jest.fn()).toHaveBeenCalledWith(...expected)

    Expected: ObjectContaining {"data": Any<Array>, "pagination": ObjectContaining {"limit": 20, "page": 1, "total": 1}, "summary": ObjectContaining {"completed": 1, "flaggedMatters": 1, "submitted": 1}}
    Received: {"data": [{"aiSummary": undefined, "assignedLawyerId": null, "clientEmail": "test@test.com", "clientId": {"email": "test@test.com", "name": "Test User"}, "createdAt": "2026-04-01T00:00:00.000Z", "dataSummary": {"assetTotal": 0, "businessOwner": false, 
"childrenCount": 0, "hasForeignWill": false, "jurisdiction": "", "personalProfileName": "", "proposedName": "", "spouseName": null}, "flagCount": 1, "flags": [{"code": "FOREIGN_ASSETS", "message": "Foreign assets", "type": "hard"}], "id": "1", "priorityScore": 42, 
"status": "submitted", "type": "will", "updatedAt": "2026-04-02T00:00:00.000Z"}], "pagination": {"limit": 20, "page": 1, "total": 1, "totalPages": 1}, "summary": {"completed": 0, "flaggedMatters": 0, "portfolioValue": 0, "reviewing": 0, "started": 0, "submitted": 0}}

    Number of calls: 1

    [0m [90m 80 |[39m             expect(skipMock)[33m.[39mtoHaveBeenCalledWith([35m0[39m)[33m;[39m
     [90m 81 |[39m             expect(limitMock)[33m.[39mtoHaveBeenCalledWith([35m20[39m)[33m;[39m
    [31m[1m>[22m[39m[90m 82 |[39m             expect(jsonMock)[33m.[39mtoHaveBeenCalledWith(expect[33m.[39mobjectContaining({
     [90m    |[39m                              [31m[1m^[22m[39m
     [90m 83 |[39m                 data[33m:[39m expect[33m.[39many([33mArray[39m)[33m,[39m
     [90m 84 |[39m                 pagination[33m:[39m expect[33m.[39mobjectContaining({ page[33m:[39m [35m1[39m[33m,[39m limit[33m:[39m [35m20[39m[33m,[39m total[33m:[39m [35m1[39m })[33m,[39m
     [90m 85 |[39m                 summary[33m:[39m expect[33m.[39mobjectContaining({[0m

      at src/tests/lawyerController.test.ts:82:30
      at fulfilled (src/tests/lawyerController.test.ts:5:58)

FAIL src/tests/handleExplainRisk.test.ts (30.472 s)
  ΓùÅ handleExplainRisk Error Response (Issue #3) ΓÇ║ should return 500 with JSON error when explainRisk throws

    expect(received).toContain(expected) // indexOf

    Expected substring: "Failed"
    Received string:    "AI service unavailable"

    [0m [90m 58 |[39m         expect(res[33m.[39mstatus)[33m.[39mtoBe([35m500[39m)[33m;[39m
     [90m 59 |[39m         expect(res[33m.[39mbody)[33m.[39mtoHaveProperty([32m'error'[39m)[33m;[39m
    [31m[1m>[22m[39m[90m 60 |[39m         expect(res[33m.[39mbody[33m.[39merror)[33m.[39mtoContain([32m'Failed'[39m)[33m;[39m
     [90m    |[39m                                [31m[1m^[22m[39m
     [90m 61 |[39m     })[33m;[39m
     [90m 62 |[39m
     [90m 63 |[39m     it([32m'should return explanation when explainRisk succeeds'[39m[33m,[39m [36masync[39m () [33m=>[39m {[0m

      at src/tests/handleExplainRisk.test.ts:60:32
      at fulfilled (src/tests/handleExplainRisk.test.ts:5:58)

PASS src/tests/aiService.test.ts (31.696 s)
FAIL src/tests/controllers.test.ts (33.488 s)
  ΓùÅ Controller Integration Tests ΓÇ║ Admin Controller ΓÇ║ GET /api/admin/intakes ΓÇ║ returns paginated intake rows with summary data

    expect(received).toBe(expected) // Object.is equality

    Expected: 200
    Received: 500

    [0m [90m 469 |[39m                 [36mconst[39m res [33m=[39m [36mawait[39m request(app)[33m.[39m[36mget[39m([32m'/api/admin/intakes?status=reviewing&type=will&sort=updated_desc&page=1'[39m)[33m;[39m
     [90m 470 |[39m
    [31m[1m>[22m[39m[90m 471 |[39m                 expect(res[33m.[39mstatus)[33m.[39mtoBe([35m200[39m)[33m;[39m
     [90m     |[39m                                    [31m[1m^[22m[39m
     [90m 472 |[39m                 expect(res[33m.[39mbody[33m.[39mdata)[33m.[39mtoHaveLength([35m1[39m)[33m;[39m
     [90m 473 |[39m                 expect(res[33m.[39mbody[33m.[39mdata[[35m0[39m])[33m.[39mtoMatchObject({
     [90m 474 |[39m                     id[33m:[39m [32m'admin-intake-1'[39m[33m,[39m[0m

      at src/tests/controllers.test.ts:471:36
      at fulfilled (src/tests/controllers.test.ts:5:58)

FAIL src/tests/adminController.test.ts (33.176 s)
  ΓùÅ AdminController ΓÇ║ getSystemStats ΓÇ║ returns structured user and intake summary blocks

    expect(jest.fn()).toHaveBeenCalledWith(...expected)

    - Expected
    + Received

    @@ -5,11 +5,11 @@
            "reviewing": 2,
            "started": 4,
            "submitted": 3,
          },
          "byType": Object {
    -       "incorporation": 5,
    +       "incorporation": 0,
            "will": 7,
          },
          "total": 12,
        },
        "users": Object {,

    Number of calls: 1

    [0m [90m 64 |[39m             [36mawait[39m getSystemStats({} [36mas[39m any[33m,[39m mockResponse [36mas[39m [33mResponse[39m)[33m;[39m
     [90m 65 |[39m
    [31m[1m>[22m[39m[90m 66 |[39m             expect(jsonMock)[33m.[39mtoHaveBeenCalledWith({
     [90m    |[39m                              [31m[1m^[22m[39m
     [90m 67 |[39m                 users[33m:[39m {
     [90m 68 |[39m                     total[33m:[39m [35m10[39m[33m,[39m
     [90m 69 |[39m                     active[33m:[39m [35m8[39m[33m,[39m[0m

      at src/tests/adminController.test.ts:66:30
      at fulfilled (src/tests/adminController.test.ts:5:58)

A worker process has failed to exit gracefully and has been force exited. This is likely caused by tests leaking due to improper teardown. Try running with --detectOpenHandles to find leaks. Active timers can also cause this, ensure that .unref() was called on them.
Summary of all failing tests
FAIL src/tests/documentController.test.ts (20.636 s)
  ΓùÅ DocumentController ΓÇ║ downloadIntakeDoc ΓÇ║ should throw if intake is not found

    expect(received).rejects.toThrow()

    Received promise resolved instead of rejected
    Resolved to value: undefined

    [0m [90m 47 |[39m             ([33mIntake[39m[33m.[39mfindById [36mas[39m jest[33m.[39m[33mMock[39m)[33m.[39mmockResolvedValue([36mnull[39m)[33m;[39m
     [90m 48 |[39m
    [31m[1m>[22m[39m[90m 49 |[39m             [36mawait[39m expect(downloadIntakeDoc(mockRequest [36mas[39m [33mRequest[39m[33m,[39m mockResponse [36mas[39m [33mResponse[39m))[33m.[39mrejects[33m.[39mtoThrow([32m'Intake not 
found'[39m)[33m;[39m
     [90m    |[39m                   [31m[1m^[22m[39m
     [90m 50 |[39m             expect(generateIntakeDoc)[33m.[39mnot[33m.[39mtoHaveBeenCalled()[33m;[39m
     [90m 51 |[39m         })[33m;[39m
     [90m 52 |[39m[0m

      at expect (node_modules/expect/build/index.js:2116:15)
      at src/tests/documentController.test.ts:49:19
      at src/tests/documentController.test.ts:8:71
      at __awaiter (src/tests/documentController.test.ts:4:12)
      at Object.<anonymous> (src/tests/documentController.test.ts:45:62)

  ΓùÅ DocumentController ΓÇ║ downloadIntakeDoc ΓÇ║ should throw when a client requests another client intake document

    expect(received).rejects.toThrow()

    Received promise resolved instead of rejected
    Resolved to value: undefined

    [0m [90m 67 |[39m             ([33mIntake[39m[33m.[39mfindById [36mas[39m jest[33m.[39m[33mMock[39m)[33m.[39mmockResolvedValue(mockIntake)[33m;[39m
     [90m 68 |[39m
    [31m[1m>[22m[39m[90m 69 |[39m             [36mawait[39m expect(downloadIntakeDoc(mockRequest [36mas[39m [33mRequest[39m[33m,[39m mockResponse [36mas[39m [33mResponse[39m))[33m.[39mrejects[33m.[39mtoThrow([32m'download this 
intake'[39m)[33m;[39m
     [90m    |[39m                   [31m[1m^[22m[39m
     [90m 70 |[39m             expect(generateIntakeDoc)[33m.[39mnot[33m.[39mtoHaveBeenCalled()[33m;[39m
     [90m 71 |[39m         })[33m;[39m
     [90m 72 |[39m     })[33m;[39m[0m

      at expect (node_modules/expect/build/index.js:2116:15)
      at src/tests/documentController.test.ts:69:19
      at src/tests/documentController.test.ts:8:71
      at __awaiter (src/tests/documentController.test.ts:4:12)
      at Object.<anonymous> (src/tests/documentController.test.ts:63:93)

FAIL src/tests/incorporationController.test.ts (26.557 s)
  ΓùÅ IncorporationController ΓÇ║ addIncorpNote ΓÇ║ should add a note to an intake

    TypeError: Cannot read properties of undefined (reading 'toString')

    [0m [90m 170 |[39m     [36mconst[39m userId [33m=[39m getRequestUserIdOrUndefined(req)[33m;[39m
     [90m 171 |[39m     [36mconst[39m role   [33m=[39m req[33m.[39muser[33m?[39m[33m.[39mrole [33m?[39m[33m?[39m [32m''[39m[33m;[39m
    [31m[1m>[22m[39m[90m 172 |[39m     [36mconst[39m isOwner [33m=[39m intake[33m.[39mclientId[33m.[39mtoString() [33m===[39m userId[33m;[39m
     [90m     |[39m                                     [31m[1m^[22m[39m
     [90m 173 |[39m     [36mconst[39m isStaff [33m=[39m role [33m===[39m [32m'lawyer'[39m [33m||[39m role [33m===[39m [32m'admin'[39m[33m;[39m
     [90m 174 |[39m     [36mif[39m ([33m![39misOwner [33m&&[39m [33m![39misStaff) {
     [90m 175 |[39m         [36mthrow[39m [36mnew[39m [33mForbiddenError[39m([32m'add notes to this incorporation intake'[39m)[33m;[39m[0m

      at src/controllers/incorporationController.ts:172:37
      at fulfilled (src/controllers/incorporationController.ts:38:58)

FAIL src/tests/lawyerController.test.ts (30.165 s)
  ΓùÅ LawyerController ΓÇ║ getAllIntakes ΓÇ║ fetches the filtered queue and returns portfolio summary metrics

    expect(jest.fn()).toHaveBeenCalledWith(...expected)

    Expected: ObjectContaining {"data": Any<Array>, "pagination": ObjectContaining {"limit": 20, "page": 1, "total": 1}, "summary": ObjectContaining {"completed": 1, "flaggedMatters": 1, "submitted": 1}}
    Received: {"data": [{"aiSummary": undefined, "assignedLawyerId": null, "clientEmail": "test@test.com", "clientId": {"email": "test@test.com", "name": "Test User"}, "createdAt": "2026-04-01T00:00:00.000Z", "dataSummary": {"assetTotal": 0, "businessOwner": false, 
"childrenCount": 0, "hasForeignWill": false, "jurisdiction": "", "personalProfileName": "", "proposedName": "", "spouseName": null}, "flagCount": 1, "flags": [{"code": "FOREIGN_ASSETS", "message": "Foreign assets", "type": "hard"}], "id": "1", "priorityScore": 42, 
"status": "submitted", "type": "will", "updatedAt": "2026-04-02T00:00:00.000Z"}], "pagination": {"limit": 20, "page": 1, "total": 1, "totalPages": 1}, "summary": {"completed": 0, "flaggedMatters": 0, "portfolioValue": 0, "reviewing": 0, "started": 0, "submitted": 0}}

    Number of calls: 1

    [0m [90m 80 |[39m             expect(skipMock)[33m.[39mtoHaveBeenCalledWith([35m0[39m)[33m;[39m
     [90m 81 |[39m             expect(limitMock)[33m.[39mtoHaveBeenCalledWith([35m20[39m)[33m;[39m
    [31m[1m>[22m[39m[90m 82 |[39m             expect(jsonMock)[33m.[39mtoHaveBeenCalledWith(expect[33m.[39mobjectContaining({
     [90m    |[39m                              [31m[1m^[22m[39m
     [90m 83 |[39m                 data[33m:[39m expect[33m.[39many([33mArray[39m)[33m,[39m
     [90m 84 |[39m                 pagination[33m:[39m expect[33m.[39mobjectContaining({ page[33m:[39m [35m1[39m[33m,[39m limit[33m:[39m [35m20[39m[33m,[39m total[33m:[39m [35m1[39m })[33m,[39m
     [90m 85 |[39m                 summary[33m:[39m expect[33m.[39mobjectContaining({[0m

      at src/tests/lawyerController.test.ts:82:30
      at fulfilled (src/tests/lawyerController.test.ts:5:58)

FAIL src/tests/handleExplainRisk.test.ts (30.472 s)
  ΓùÅ handleExplainRisk Error Response (Issue #3) ΓÇ║ should return 500 with JSON error when explainRisk throws

    expect(received).toContain(expected) // indexOf

    Expected substring: "Failed"
    Received string:    "AI service unavailable"

    [0m [90m 58 |[39m         expect(res[33m.[39mstatus)[33m.[39mtoBe([35m500[39m)[33m;[39m
     [90m 59 |[39m         expect(res[33m.[39mbody)[33m.[39mtoHaveProperty([32m'error'[39m)[33m;[39m
    [31m[1m>[22m[39m[90m 60 |[39m         expect(res[33m.[39mbody[33m.[39merror)[33m.[39mtoContain([32m'Failed'[39m)[33m;[39m
     [90m    |[39m                                [31m[1m^[22m[39m
     [90m 61 |[39m     })[33m;[39m
     [90m 62 |[39m
     [90m 63 |[39m     it([32m'should return explanation when explainRisk succeeds'[39m[33m,[39m [36masync[39m () [33m=>[39m {[0m

      at src/tests/handleExplainRisk.test.ts:60:32
      at fulfilled (src/tests/handleExplainRisk.test.ts:5:58)

FAIL src/tests/controllers.test.ts (33.488 s)
  ΓùÅ Controller Integration Tests ΓÇ║ Admin Controller ΓÇ║ GET /api/admin/intakes ΓÇ║ returns paginated intake rows with summary data

    expect(received).toBe(expected) // Object.is equality

    Expected: 200
    Received: 500

    [0m [90m 469 |[39m                 [36mconst[39m res [33m=[39m [36mawait[39m request(app)[33m.[39m[36mget[39m([32m'/api/admin/intakes?status=reviewing&type=will&sort=updated_desc&page=1'[39m)[33m;[39m
     [90m 470 |[39m
    [31m[1m>[22m[39m[90m 471 |[39m                 expect(res[33m.[39mstatus)[33m.[39mtoBe([35m200[39m)[33m;[39m
     [90m     |[39m                                    [31m[1m^[22m[39m
     [90m 472 |[39m                 expect(res[33m.[39mbody[33m.[39mdata)[33m.[39mtoHaveLength([35m1[39m)[33m;[39m
     [90m 473 |[39m                 expect(res[33m.[39mbody[33m.[39mdata[[35m0[39m])[33m.[39mtoMatchObject({
     [90m 474 |[39m                     id[33m:[39m [32m'admin-intake-1'[39m[33m,[39m[0m

      at src/tests/controllers.test.ts:471:36
      at fulfilled (src/tests/controllers.test.ts:5:58)

FAIL src/tests/adminController.test.ts (33.176 s)
  ΓùÅ AdminController ΓÇ║ getSystemStats ΓÇ║ returns structured user and intake summary blocks

    expect(jest.fn()).toHaveBeenCalledWith(...expected)

    - Expected
    + Received

    @@ -5,11 +5,11 @@
            "reviewing": 2,
            "started": 4,
            "submitted": 3,
          },
          "byType": Object {
    -       "incorporation": 5,
    +       "incorporation": 0,
            "will": 7,
          },
          "total": 12,
        },
        "users": Object {,

    Number of calls: 1

    [0m [90m 64 |[39m             [36mawait[39m getSystemStats({} [36mas[39m any[33m,[39m mockResponse [36mas[39m [33mResponse[39m)[33m;[39m
     [90m 65 |[39m
    [31m[1m>[22m[39m[90m 66 |[39m             expect(jsonMock)[33m.[39mtoHaveBeenCalledWith({
     [90m    |[39m                              [31m[1m^[22m[39m
     [90m 67 |[39m                 users[33m:[39m {
     [90m 68 |[39m                     total[33m:[39m [35m10[39m[33m,[39m
     [90m 69 |[39m                     active[33m:[39m [35m8[39m[33m,[39m[0m

      at src/tests/adminController.test.ts:66:30
      at fulfilled (src/tests/adminController.test.ts:5:58)


Test Suites: 6 failed, 20 passed, 26 total
Tests:       7 failed, 267 passed, 274 total
Snapshots:   0 total
Time:        37.606 s, estimated 107 s
Ran all test suites.
npm error Lifecycle script `test` failed with error:
npm error code 1
npm error path C:\xampp\htdocs\will_guide\server
npm error workspace will-guide-server@1.0.0
npm error location C:\xampp\htdocs\will_guide\server
npm error command failed
npm error command C:\Windows\system32\cmd.exe /d /s /c jest
